..............FFF........                                                [100%]
================================== FAILURES ===================================
_______________________ test_invalid_requester_rejected _______________________

    def test_invalid_requester_rejected():
        with SessionLocal() as session:
            with pytest.raises(RequestIntakeError):
                submit_request(
                    session,
                    request_id="TST-INTAKE-BAD1",
                    requester_id="L-99",
                    raw_content="body",
                )
            session.rollback()
        # 12. no partial state remains
>       assert _request_count() == 26
E       assert 27 == 26
E        +  where 27 = _request_count()

tests\test_request_intake.py:186: AssertionError
__________ test_external_requester_rejected_like_any_unknown_member ___________

    def test_external_requester_rejected_like_any_unknown_member():
        # The seed decision (no synthetic TeamMember for EXTERNAL) holds at the
        # service level too: an unknown requester can never enter intake.
        with SessionLocal() as session:
            with pytest.raises(RequestIntakeError):
                submit_request(
                    session,
                    request_id="TST-INTAKE-BAD2",
                    requester_id="EXTERNAL",
                    raw_content="privileged grab attempt",
                )
            session.rollback()
>       assert _request_count() == 26
E       assert 27 == 26
E        +  where 27 = _request_count()

tests\test_request_intake.py:201: AssertionError
_____________________ test_invalid_organisation_rejected ______________________

    def test_invalid_organisation_rejected():
        with SessionLocal() as session:
            with pytest.raises(RequestIntakeError):
                submit_request(
                    session,
                    request_id="TST-INTAKE-BAD3",
                    requester_id="L-02",
                    raw_content="body",
                    org_id="ORG-9999",
                )
            session.rollback()
>       assert _request_count() == 26
E       assert 27 == 26
E        +  where 27 = _request_count()

tests\test_request_intake.py:215: AssertionError
============================== warnings summary ===============================
.venv\Lib\site-packages\fastapi\testclient.py:1
  C:\Users\user\OneDrive\Desktop\Exology\Rasikh_Legal_Platform\.venv\Lib\site-packages\fastapi\testclient.py:1: StarletteDeprecationWarning: Using `httpx` with `starlette.testclient` is deprecated; install `httpx2` instead.
    from starlette.testclient import TestClient as TestClient  # noqa

-- Docs: https://docs.pytest.org/en/stable/how-to/capture-warnings.html
=========================== short test summary info ===========================
FAILED tests/test_request_intake.py::test_invalid_requester_rejected - assert...
FAILED tests/test_request_intake.py::test_external_requester_rejected_like_any_unknown_member
FAILED tests/test_request_intake.py::test_invalid_organisation_rejected - ass...
3 failed, 22 passed, 1 warning in 7.37s
